--------------------------------------------------------------------------------
Lattice Synthesis Timing Report, Version  
Wed Apr 22 10:54:45 2026

Copyright (c) 1991-1994 by NeoCAD Inc. All rights reserved.
Copyright (c) 1995 AT&T Corp.   All rights reserved.
Copyright (c) 1995-2001 Lucent Technologies Inc.  All rights reserved.
Copyright (c) 2001 Agere Systems   All rights reserved.
Copyright (c) 2002-2016 Lattice Semiconductor Corporation,  All rights reserved.

Report Information
------------------
Design:     zim
Constraint file:  
Report level:    verbose report, limited to 3 items per constraint
--------------------------------------------------------------------------------



================================================================================
Constraint: create_clock -period 1000.000000 -name clk3 [get_nets VDC_CLK]
            602 items scored, 0 timing errors detected.
--------------------------------------------------------------------------------


Passed:  The following path meets requirements by 942.141ns

 Logical Details:  Cell type  Pin type       Cell name  (clock net +/-)

   Source:         SB_DFFE    C              \ADC_VDC/cmd_rdadctmp_i0  (from VDC_CLK +)
   Destination:    SB_DFFE    D              \ADC_VDC/cmd_rdadcbuf_i34  (to VDC_CLK +)

   Delay:                  57.726ns  (26.1% logic, 73.9% route), 37 logic levels.

 Constraint Details:

     57.726ns data_path \ADC_VDC/cmd_rdadctmp_i0 to \ADC_VDC/cmd_rdadcbuf_i34 meets
    1000.000ns delay constraint less
      0.133ns L_S requirement (totaling 999.867ns) by 942.141ns

 Path Details: \ADC_VDC/cmd_rdadctmp_i0 to \ADC_VDC/cmd_rdadcbuf_i34

   Name    Fanout   Delay (ns)          Pins               Resource(Cell.Net)
L_CO        ---     0.367              C to Q              \ADC_VDC/cmd_rdadctmp_i0 (from VDC_CLK)
Route         4   e 1.397                                  cmd_rdadctmp[0]_adj_1509
LUT4        ---     0.408             I1 to CO             \ADC_VDC/add_23_2
Route         2   e 1.158                                  \ADC_VDC/n19922
LUT4        ---     0.408             CI to CO             \ADC_VDC/add_23_3
Route         2   e 1.158                                  \ADC_VDC/n19923
LUT4        ---     0.408             CI to CO             \ADC_VDC/add_23_4
Route         2   e 1.158                                  \ADC_VDC/n19924
LUT4        ---     0.408             CI to CO             \ADC_VDC/add_23_5
Route         2   e 1.158                                  \ADC_VDC/n19925
LUT4        ---     0.408             CI to CO             \ADC_VDC/add_23_6
Route         2   e 1.158                                  \ADC_VDC/n19926
LUT4        ---     0.408             CI to CO             \ADC_VDC/add_23_7
Route         2   e 1.158                                  \ADC_VDC/n19927
LUT4        ---     0.408             CI to CO             \ADC_VDC/add_23_8
Route         2   e 1.158                                  \ADC_VDC/n19928
LUT4        ---     0.408             CI to CO             \ADC_VDC/add_23_9
Route         2   e 1.158                                  \ADC_VDC/n19929
LUT4        ---     0.408             CI to CO             \ADC_VDC/add_23_10
Route         2   e 1.158                                  \ADC_VDC/n19930
LUT4        ---     0.408             CI to CO             \ADC_VDC/add_23_11
Route         2   e 1.158                                  \ADC_VDC/n19931
LUT4        ---     0.408             CI to CO             \ADC_VDC/add_23_12
Route         2   e 1.158                                  \ADC_VDC/n19932
LUT4        ---     0.408             CI to CO             \ADC_VDC/add_23_13
Route         2   e 1.158                                  \ADC_VDC/n19933
LUT4        ---     0.408             CI to CO             \ADC_VDC/add_23_14
Route         2   e 1.158                                  \ADC_VDC/n19934
LUT4        ---     0.408             CI to CO             \ADC_VDC/add_23_15
Route         2   e 1.158                                  \ADC_VDC/n19935
LUT4        ---     0.408             CI to CO             \ADC_VDC/add_23_16
Route         2   e 1.158                                  \ADC_VDC/n19936
LUT4        ---     0.408             CI to CO             \ADC_VDC/add_23_17
Route         2   e 1.158                                  \ADC_VDC/n19937
LUT4        ---     0.408             CI to CO             \ADC_VDC/add_23_18
Route         2   e 1.158                                  \ADC_VDC/n19938
LUT4        ---     0.408             CI to CO             \ADC_VDC/add_23_19
Route         2   e 1.158                                  \ADC_VDC/n19939
LUT4        ---     0.408             CI to CO             \ADC_VDC/add_23_20
Route         2   e 1.158                                  \ADC_VDC/n19940
LUT4        ---     0.408             CI to CO             \ADC_VDC/add_23_21
Route         2   e 1.158                                  \ADC_VDC/n19941
LUT4        ---     0.408             CI to CO             \ADC_VDC/add_23_22
Route         2   e 1.158                                  \ADC_VDC/n19942
LUT4        ---     0.408             CI to CO             \ADC_VDC/add_23_23
Route         2   e 1.158                                  \ADC_VDC/n19943
LUT4        ---     0.408             CI to CO             \ADC_VDC/add_23_24
Route         2   e 1.158                                  \ADC_VDC/n19944
LUT4        ---     0.408             CI to CO             \ADC_VDC/add_23_25
Route         2   e 1.158                                  \ADC_VDC/n19945
LUT4        ---     0.408             CI to CO             \ADC_VDC/add_23_26
Route         2   e 1.158                                  \ADC_VDC/n19946
LUT4        ---     0.408             CI to CO             \ADC_VDC/add_23_27
Route         2   e 1.158                                  \ADC_VDC/n19947
LUT4        ---     0.408             CI to CO             \ADC_VDC/add_23_28
Route         2   e 1.158                                  \ADC_VDC/n19948
LUT4        ---     0.408             CI to CO             \ADC_VDC/add_23_29
Route         2   e 1.158                                  \ADC_VDC/n19949
LUT4        ---     0.408             CI to CO             \ADC_VDC/add_23_30
Route         2   e 1.158                                  \ADC_VDC/n19950
LUT4        ---     0.408             CI to CO             \ADC_VDC/add_23_31
Route         2   e 1.158                                  \ADC_VDC/n19951
LUT4        ---     0.408             CI to CO             \ADC_VDC/add_23_32
Route         2   e 1.158                                  \ADC_VDC/n19952
LUT4        ---     0.408             CI to CO             \ADC_VDC/add_23_33
Route         2   e 1.158                                  \ADC_VDC/n19953
LUT4        ---     0.408             CI to CO             \ADC_VDC/add_23_34
Route         2   e 1.158                                  \ADC_VDC/n19954
LUT4        ---     0.408             CI to CO             \ADC_VDC/add_23_35
Route         1   e 1.020                                  \ADC_VDC/n19955
LUT4        ---     0.408             I3 to O              \ADC_VDC/add_23_36_lut
Route         1   e 1.020                                  \ADC_VDC/cmd_rdadcbuf_35__N_1278[34]
LUT4        ---     0.408             I0 to O              \ADC_VDC/adc_state_3__I_0_58_Mux_34_i15_4_lut
Route         1   e 1.020                                  \ADC_VDC/cmd_rdadcbuf_35__N_1194[34]
                  --------
                   57.726  (26.1% logic, 73.9% route), 37 logic levels.


Passed:  The following path meets requirements by 942.280ns

 Logical Details:  Cell type  Pin type       Cell name  (clock net +/-)

   Source:         SB_DFFESR  C              \ADC_VDC/cmd_rdadcbuf_i0  (from VDC_CLK +)
   Destination:    SB_DFFE    D              \ADC_VDC/cmd_rdadcbuf_i34  (to VDC_CLK +)

   Delay:                  57.587ns  (26.1% logic, 73.9% route), 37 logic levels.

 Constraint Details:

     57.587ns data_path \ADC_VDC/cmd_rdadcbuf_i0 to \ADC_VDC/cmd_rdadcbuf_i34 meets
    1000.000ns delay constraint less
      0.133ns L_S requirement (totaling 999.867ns) by 942.280ns

 Path Details: \ADC_VDC/cmd_rdadcbuf_i0 to \ADC_VDC/cmd_rdadcbuf_i34

   Name    Fanout   Delay (ns)          Pins               Resource(Cell.Net)
L_CO        ---     0.367              C to Q              \ADC_VDC/cmd_rdadcbuf_i0 (from VDC_CLK)
Route         2   e 1.258                                  \ADC_VDC/cmd_rdadcbuf[0]
LUT4        ---     0.408             I0 to CO             \ADC_VDC/add_23_2
Route         2   e 1.158                                  \ADC_VDC/n19922
LUT4        ---     0.408             CI to CO             \ADC_VDC/add_23_3
Route         2   e 1.158                                  \ADC_VDC/n19923
LUT4        ---     0.408             CI to CO             \ADC_VDC/add_23_4
Route         2   e 1.158                                  \ADC_VDC/n19924
LUT4        ---     0.408             CI to CO             \ADC_VDC/add_23_5
Route         2   e 1.158                                  \ADC_VDC/n19925
LUT4        ---     0.408             CI to CO             \ADC_VDC/add_23_6
Route         2   e 1.158                                  \ADC_VDC/n19926
LUT4        ---     0.408             CI to CO             \ADC_VDC/add_23_7
Route         2   e 1.158                                  \ADC_VDC/n19927
LUT4        ---     0.408             CI to CO             \ADC_VDC/add_23_8
Route         2   e 1.158                                  \ADC_VDC/n19928
LUT4        ---     0.408             CI to CO             \ADC_VDC/add_23_9
Route         2   e 1.158                                  \ADC_VDC/n19929
LUT4        ---     0.408             CI to CO             \ADC_VDC/add_23_10
Route         2   e 1.158                                  \ADC_VDC/n19930
LUT4        ---     0.408             CI to CO             \ADC_VDC/add_23_11
Route         2   e 1.158                                  \ADC_VDC/n19931
LUT4        ---     0.408             CI to CO             \ADC_VDC/add_23_12
Route         2   e 1.158                                  \ADC_VDC/n19932
LUT4        ---     0.408             CI to CO             \ADC_VDC/add_23_13
Route         2   e 1.158                                  \ADC_VDC/n19933
LUT4        ---     0.408             CI to CO             \ADC_VDC/add_23_14
Route         2   e 1.158                                  \ADC_VDC/n19934
LUT4        ---     0.408             CI to CO             \ADC_VDC/add_23_15
Route         2   e 1.158                                  \ADC_VDC/n19935
LUT4        ---     0.408             CI to CO             \ADC_VDC/add_23_16
Route         2   e 1.158                                  \ADC_VDC/n19936
LUT4        ---     0.408             CI to CO             \ADC_VDC/add_23_17
Route         2   e 1.158                                  \ADC_VDC/n19937
LUT4        ---     0.408             CI to CO             \ADC_VDC/add_23_18
Route         2   e 1.158                                  \ADC_VDC/n19938
LUT4        ---     0.408             CI to CO             \ADC_VDC/add_23_19
Route         2   e 1.158                                  \ADC_VDC/n19939
LUT4        ---     0.408             CI to CO             \ADC_VDC/add_23_20
Route         2   e 1.158                                  \ADC_VDC/n19940
LUT4        ---     0.408             CI to CO             \ADC_VDC/add_23_21
Route         2   e 1.158                                  \ADC_VDC/n19941
LUT4        ---     0.408             CI to CO             \ADC_VDC/add_23_22
Route         2   e 1.158                                  \ADC_VDC/n19942
LUT4        ---     0.408             CI to CO             \ADC_VDC/add_23_23
Route         2   e 1.158                                  \ADC_VDC/n19943
LUT4        ---     0.408             CI to CO             \ADC_VDC/add_23_24
Route         2   e 1.158                                  \ADC_VDC/n19944
LUT4        ---     0.408             CI to CO             \ADC_VDC/add_23_25
Route         2   e 1.158                                  \ADC_VDC/n19945
LUT4        ---     0.408             CI to CO             \ADC_VDC/add_23_26
Route         2   e 1.158                                  \ADC_VDC/n19946
LUT4        ---     0.408             CI to CO             \ADC_VDC/add_23_27
Route         2   e 1.158                                  \ADC_VDC/n19947
LUT4        ---     0.408             CI to CO             \ADC_VDC/add_23_28
Route         2   e 1.158                                  \ADC_VDC/n19948
LUT4        ---     0.408             CI to CO             \ADC_VDC/add_23_29
Route         2   e 1.158                                  \ADC_VDC/n19949
LUT4        ---     0.408             CI to CO             \ADC_VDC/add_23_30
Route         2   e 1.158                                  \ADC_VDC/n19950
LUT4        ---     0.408             CI to CO             \ADC_VDC/add_23_31
Route         2   e 1.158                                  \ADC_VDC/n19951
LUT4        ---     0.408             CI to CO             \ADC_VDC/add_23_32
Route         2   e 1.158                                  \ADC_VDC/n19952
LUT4        ---     0.408             CI to CO             \ADC_VDC/add_23_33
Route         2   e 1.158                                  \ADC_VDC/n19953
LUT4        ---     0.408             CI to CO             \ADC_VDC/add_23_34
Route         2   e 1.158                                  \ADC_VDC/n19954
LUT4        ---     0.408             CI to CO             \ADC_VDC/add_23_35
Route         1   e 1.020                                  \ADC_VDC/n19955
LUT4        ---     0.408             I3 to O              \ADC_VDC/add_23_36_lut
Route         1   e 1.020                                  \ADC_VDC/cmd_rdadcbuf_35__N_1278[34]
LUT4        ---     0.408             I0 to O              \ADC_VDC/adc_state_3__I_0_58_Mux_34_i15_4_lut
Route         1   e 1.020                                  \ADC_VDC/cmd_rdadcbuf_35__N_1194[34]
                  --------
                   57.587  (26.1% logic, 73.9% route), 37 logic levels.


Passed:  The following path meets requirements by 943.707ns

 Logical Details:  Cell type  Pin type       Cell name  (clock net +/-)

   Source:         SB_DFFE    C              \ADC_VDC/cmd_rdadctmp_i1  (from VDC_CLK +)
   Destination:    SB_DFFE    D              \ADC_VDC/cmd_rdadcbuf_i34  (to VDC_CLK +)

   Delay:                  56.160ns  (26.1% logic, 73.9% route), 36 logic levels.

 Constraint Details:

     56.160ns data_path \ADC_VDC/cmd_rdadctmp_i1 to \ADC_VDC/cmd_rdadcbuf_i34 meets
    1000.000ns delay constraint less
      0.133ns L_S requirement (totaling 999.867ns) by 943.707ns

 Path Details: \ADC_VDC/cmd_rdadctmp_i1 to \ADC_VDC/cmd_rdadcbuf_i34

   Name    Fanout   Delay (ns)          Pins               Resource(Cell.Net)
L_CO        ---     0.367              C to Q              \ADC_VDC/cmd_rdadctmp_i1 (from VDC_CLK)
Route         4   e 1.397                                  cmd_rdadctmp[1]_adj_1508
LUT4        ---     0.408             I1 to CO             \ADC_VDC/add_23_3
Route         2   e 1.158                                  \ADC_VDC/n19923
LUT4        ---     0.408             CI to CO             \ADC_VDC/add_23_4
Route         2   e 1.158                                  \ADC_VDC/n19924
LUT4        ---     0.408             CI to CO             \ADC_VDC/add_23_5
Route         2   e 1.158                                  \ADC_VDC/n19925
LUT4        ---     0.408             CI to CO             \ADC_VDC/add_23_6
Route         2   e 1.158                                  \ADC_VDC/n19926
LUT4        ---     0.408             CI to CO             \ADC_VDC/add_23_7
Route         2   e 1.158                                  \ADC_VDC/n19927
LUT4        ---     0.408             CI to CO             \ADC_VDC/add_23_8
Route         2   e 1.158                                  \ADC_VDC/n19928
LUT4        ---     0.408             CI to CO             \ADC_VDC/add_23_9
Route         2   e 1.158                                  \ADC_VDC/n19929
LUT4        ---     0.408             CI to CO             \ADC_VDC/add_23_10
Route         2   e 1.158                                  \ADC_VDC/n19930
LUT4        ---     0.408             CI to CO             \ADC_VDC/add_23_11
Route         2   e 1.158                                  \ADC_VDC/n19931
LUT4        ---     0.408             CI to CO             \ADC_VDC/add_23_12
Route         2   e 1.158                                  \ADC_VDC/n19932
LUT4        ---     0.408             CI to CO             \ADC_VDC/add_23_13
Route         2   e 1.158                                  \ADC_VDC/n19933
LUT4        ---     0.408             CI to CO             \ADC_VDC/add_23_14
Route         2   e 1.158                                  \ADC_VDC/n19934
LUT4        ---     0.408             CI to CO             \ADC_VDC/add_23_15
Route         2   e 1.158                                  \ADC_VDC/n19935
LUT4        ---     0.408             CI to CO             \ADC_VDC/add_23_16
Route         2   e 1.158                                  \ADC_VDC/n19936
LUT4        ---     0.408             CI to CO             \ADC_VDC/add_23_17
Route         2   e 1.158                                  \ADC_VDC/n19937
LUT4        ---     0.408             CI to CO             \ADC_VDC/add_23_18
Route         2   e 1.158                                  \ADC_VDC/n19938
LUT4        ---     0.408             CI to CO             \ADC_VDC/add_23_19
Route         2   e 1.158                                  \ADC_VDC/n19939
LUT4        ---     0.408             CI to CO             \ADC_VDC/add_23_20
Route         2   e 1.158                                  \ADC_VDC/n19940
LUT4        ---     0.408             CI to CO             \ADC_VDC/add_23_21
Route         2   e 1.158                                  \ADC_VDC/n19941
LUT4        ---     0.408             CI to CO             \ADC_VDC/add_23_22
Route         2   e 1.158                                  \ADC_VDC/n19942
LUT4        ---     0.408             CI to CO             \ADC_VDC/add_23_23
Route         2   e 1.158                                  \ADC_VDC/n19943
LUT4        ---     0.408             CI to CO             \ADC_VDC/add_23_24
Route         2   e 1.158                                  \ADC_VDC/n19944
LUT4        ---     0.408             CI to CO             \ADC_VDC/add_23_25
Route         2   e 1.158                                  \ADC_VDC/n19945
LUT4        ---     0.408             CI to CO             \ADC_VDC/add_23_26
Route         2   e 1.158                                  \ADC_VDC/n19946
LUT4        ---     0.408             CI to CO             \ADC_VDC/add_23_27
Route         2   e 1.158                                  \ADC_VDC/n19947
LUT4        ---     0.408             CI to CO             \ADC_VDC/add_23_28
Route         2   e 1.158                                  \ADC_VDC/n19948
LUT4        ---     0.408             CI to CO             \ADC_VDC/add_23_29
Route         2   e 1.158                                  \ADC_VDC/n19949
LUT4        ---     0.408             CI to CO             \ADC_VDC/add_23_30
Route         2   e 1.158                                  \ADC_VDC/n19950
LUT4        ---     0.408             CI to CO             \ADC_VDC/add_23_31
Route         2   e 1.158                                  \ADC_VDC/n19951
LUT4        ---     0.408             CI to CO             \ADC_VDC/add_23_32
Route         2   e 1.158                                  \ADC_VDC/n19952
LUT4        ---     0.408             CI to CO             \ADC_VDC/add_23_33
Route         2   e 1.158                                  \ADC_VDC/n19953
LUT4        ---     0.408             CI to CO             \ADC_VDC/add_23_34
Route         2   e 1.158                                  \ADC_VDC/n19954
LUT4        ---     0.408             CI to CO             \ADC_VDC/add_23_35
Route         1   e 1.020                                  \ADC_VDC/n19955
LUT4        ---     0.408             I3 to O              \ADC_VDC/add_23_36_lut
Route         1   e 1.020                                  \ADC_VDC/cmd_rdadcbuf_35__N_1278[34]
LUT4        ---     0.408             I0 to O              \ADC_VDC/adc_state_3__I_0_58_Mux_34_i15_4_lut
Route         1   e 1.020                                  \ADC_VDC/cmd_rdadcbuf_35__N_1194[34]
                  --------
                   56.160  (26.1% logic, 73.9% route), 36 logic levels.

Report: 57.859 ns is the maximum delay for this constraint.



================================================================================
Constraint: create_clock -period 1000.000000 -name clk2 [get_nets clk_RTD]
            1041 items scored, 0 timing errors detected.
--------------------------------------------------------------------------------


Passed:  The following path meets requirements by 988.682ns

 Logical Details:  Cell type  Pin type       Cell name  (clock net +/-)

   Source:         SB_DFFE    C              \RTD/cfg_buf_i1  (from clk_RTD +)
   Destination:    SB_DFFE    D              \RTD/adress_i1  (to clk_RTD +)

   Delay:                  11.185ns  (25.2% logic, 74.8% route), 7 logic levels.

 Constraint Details:

     11.185ns data_path \RTD/cfg_buf_i1 to \RTD/adress_i1 meets
    1000.000ns delay constraint less
      0.133ns L_S requirement (totaling 999.867ns) by 988.682ns

 Path Details: \RTD/cfg_buf_i1 to \RTD/adress_i1

   Name    Fanout   Delay (ns)          Pins               Resource(Cell.Net)
L_CO        ---     0.367              C to Q              \RTD/cfg_buf_i1 (from clk_RTD)
Route         2   e 1.258                                  \RTD/cfg_buf[1]
LUT4        ---     0.408             I0 to O              \RTD/i4_4_lut
Route         1   e 1.020                                  \RTD/n12
LUT4        ---     0.408             I3 to O              \RTD/i7_4_lut
Route         6   e 1.378                                  \RTD/adress_7__N_1068[7]
LUT4        ---     0.408             I1 to O              \RTD/i1_2_lut_adj_16
Route         3   e 1.239                                  \RTD/n11
LUT4        ---     0.408             I3 to O              \RTD/i34_4_lut
Route         1   e 1.020                                  \RTD/n19
LUT4        ---     0.408             I0 to O              \RTD/i35_4_lut
Route         8   e 1.435                                  n13088
LUT4        ---     0.408             I2 to O              i11_4_lut_adj_206
Route         1   e 1.020                                  n20184
                  --------
                   11.185  (25.2% logic, 74.8% route), 7 logic levels.


Passed:  The following path meets requirements by 988.682ns

 Logical Details:  Cell type  Pin type       Cell name  (clock net +/-)

   Source:         SB_DFFE    C              \RTD/cfg_buf_i1  (from clk_RTD +)
   Destination:    SB_DFFE    D              \RTD/adress_i2  (to clk_RTD +)

   Delay:                  11.185ns  (25.2% logic, 74.8% route), 7 logic levels.

 Constraint Details:

     11.185ns data_path \RTD/cfg_buf_i1 to \RTD/adress_i2 meets
    1000.000ns delay constraint less
      0.133ns L_S requirement (totaling 999.867ns) by 988.682ns

 Path Details: \RTD/cfg_buf_i1 to \RTD/adress_i2

   Name    Fanout   Delay (ns)          Pins               Resource(Cell.Net)
L_CO        ---     0.367              C to Q              \RTD/cfg_buf_i1 (from clk_RTD)
Route         2   e 1.258                                  \RTD/cfg_buf[1]
LUT4        ---     0.408             I0 to O              \RTD/i4_4_lut
Route         1   e 1.020                                  \RTD/n12
LUT4        ---     0.408             I3 to O              \RTD/i7_4_lut
Route         6   e 1.378                                  \RTD/adress_7__N_1068[7]
LUT4        ---     0.408             I1 to O              \RTD/i1_2_lut_adj_16
Route         3   e 1.239                                  \RTD/n11
LUT4        ---     0.408             I3 to O              \RTD/i34_4_lut
Route         1   e 1.020                                  \RTD/n19
LUT4        ---     0.408             I0 to O              \RTD/i35_4_lut
Route         8   e 1.435                                  n13088
LUT4        ---     0.408             I2 to O              i11_4_lut_adj_166
Route         1   e 1.020                                  n20186
                  --------
                   11.185  (25.2% logic, 74.8% route), 7 logic levels.


Passed:  The following path meets requirements by 988.682ns

 Logical Details:  Cell type  Pin type       Cell name  (clock net +/-)

   Source:         SB_DFFE    C              \RTD/cfg_buf_i1  (from clk_RTD +)
   Destination:    SB_DFFE    D              \RTD/adress_i3  (to clk_RTD +)

   Delay:                  11.185ns  (25.2% logic, 74.8% route), 7 logic levels.

 Constraint Details:

     11.185ns data_path \RTD/cfg_buf_i1 to \RTD/adress_i3 meets
    1000.000ns delay constraint less
      0.133ns L_S requirement (totaling 999.867ns) by 988.682ns

 Path Details: \RTD/cfg_buf_i1 to \RTD/adress_i3

   Name    Fanout   Delay (ns)          Pins               Resource(Cell.Net)
L_CO        ---     0.367              C to Q              \RTD/cfg_buf_i1 (from clk_RTD)
Route         2   e 1.258                                  \RTD/cfg_buf[1]
LUT4        ---     0.408             I0 to O              \RTD/i4_4_lut
Route         1   e 1.020                                  \RTD/n12
LUT4        ---     0.408             I3 to O              \RTD/i7_4_lut
Route         6   e 1.378                                  \RTD/adress_7__N_1068[7]
LUT4        ---     0.408             I1 to O              \RTD/i1_2_lut_adj_16
Route         3   e 1.239                                  \RTD/n11
LUT4        ---     0.408             I3 to O              \RTD/i34_4_lut
Route         1   e 1.020                                  \RTD/n19
LUT4        ---     0.408             I0 to O              \RTD/i35_4_lut
Route         8   e 1.435                                  n13088
LUT4        ---     0.408             I2 to O              i11_4_lut_adj_130
Route         1   e 1.020                                  n20188
                  --------
                   11.185  (25.2% logic, 74.8% route), 7 logic levels.

Report: 11.318 ns is the maximum delay for this constraint.



================================================================================
Constraint: create_clock -period 1000.000000 -name clk1 [get_nets clk_32MHz]
            0 items scored, 0 timing errors detected.
--------------------------------------------------------------------------------


================================================================================
Constraint: create_clock -period 1000.000000 -name clk0 [get_nets clk_16MHz]
            0 items scored, 0 timing errors detected.
--------------------------------------------------------------------------------

Timing Report Summary
--------------
--------------------------------------------------------------------------------
Constraint                              |   Constraint|       Actual|Levels
--------------------------------------------------------------------------------
                                        |             |             |
create_clock -period 1000.000000 -name  |             |             |
clk3 [get_nets VDC_CLK]                 |  1000.000 ns|    57.859 ns|    37  
                                        |             |             |
create_clock -period 1000.000000 -name  |             |             |
clk2 [get_nets clk_RTD]                 |  1000.000 ns|    11.318 ns|     7  
                                        |             |             |
create_clock -period 1000.000000 -name  |             |             |
clk1 [get_nets clk_32MHz]               |            -|            -|     0  
                                        |             |             |
create_clock -period 1000.000000 -name  |             |             |
clk0 [get_nets clk_16MHz]               |            -|            -|     0  
                                        |             |             |
--------------------------------------------------------------------------------


All constraints were met.



Timing summary:
---------------

Timing errors: 0  Score: 0

Constraints cover  3350 paths, 497 nets, and 1511 connections (24.0% coverage)


Peak memory: 72515584 bytes, TRCE: 0 bytes, DLYMAN: 0 bytes
CPU_TIME_REPORT: 0 secs 
