* ******************************************************************************

* iCEcube Report

* Version:            2020.12.27943

* Build Date:         Dec  9 2020 17:31:51

* File Generated:     Nov 24 2025 16:06:20

* Purpose:            General info of design implementation

* Copyright (C) 2006-2010 by Lattice Semiconductor Corp. All rights reserved.

* ******************************************************************************

Synthesis/Placement Summary:
----------------------------
    Status:  Successful
    Runtime: 0 seconds

Device Info:
------------
    Device Family: iCE40
    Device:        iCE40HX4K
    Package:       TQ144

Design statistics:
------------------
    FFs:                  735
    LUTs:                 1371
    RAMs:                 12
    IOBs:                 49
    GBs:                  0
    PLLs:                 1
    Warm Boots:           0

Logic Resource Utilization:
---------------------------
    Total Logic Cells: 1371/3520
        Combinational Logic Cells: 636      out of   3520      18.0682%
        Sequential Logic Cells:    735      out of   3520      20.8807%
        Logic Tiles:               241      out of   440       54.7727%
    Registers: 
        Logic Registers:           735      out of   3520      20.8807%
        IO Registers:              0        out of   880       0
    Block RAMs:                    12       out of   20        60%
    Warm Boots:                    0        out of   1         0%
    Pins:
        Input Pins:                15       out of   107       14.0187%
        Output Pins:               34       out of   107       31.7757%
        InOut Pins:                0        out of   107       0%
    Global Buffers:                0        out of   8         0%
    PLLs:                          1        out of   2         50%

IO Bank Utilization:
--------------------
    Bank 3: 16       out of   28        57.1429%
    Bank 1: 9        out of   29        31.0345%
    Bank 0: 19       out of   27        70.3704%
    Bank 2: 8        out of   23        34.7826%

Detailed I/O Info:
------------------
    Input Pins: 
    Pin Number  Direction  IO Standard  Pull Up  IO Bank  IO Function    Signal Name   
    ----------  ---------  -----------  -------  -------  -----------    -----------   
    4           Input      SB_LVCMOS    No       3        Simple Input   M_MISO2       
    9           Input      SB_LVCMOS    No       3        Simple Input   M_DRDY2       
    11          Input      SB_LVCMOS    No       3        Simple Input   M_DRDY1       
    16          Input      SB_LVCMOS    No       3        Simple Input   M_MISO1       
    34          Input      SB_LVCMOS    No       3        Simple Input   ICE_IOL_25B   
    37          Input      SB_LVCMOS    No       2        Simple Input   ICE_SYSCLK    
    47          Input      SB_LVCMOS    Yes      2        Simple Input   EIS_SYNCCLK   
    73          Input      SB_LVCMOS    Yes      1        Simple Input   ICE_SPI_SCLK  
    74          Input      SB_LVCMOS    Yes      1        Simple Input   ICE_SPI_MOSI  
    76          Input      SB_LVCMOS    Yes      1        Simple Input   ICE_SPI_CE0   
    80          Input      SB_LVCMOS    Yes      1        Simple Input   ICE_GPMO_2    
    114         Input      SB_LVCMOS    No       0        Simple Input   M_MISO4       
    117         Input      SB_LVCMOS    No       0        Simple Input   M_DRDY4       
    139         Input      SB_LVCMOS    No       0        Simple Input   M_MISO3       
    143         Input      SB_LVCMOS    No       0        Simple Input   M_DRDY3       

    Output Pins: 
    Pin Number  Direction  IO Standard  Pull Up  IO Bank  IO Function    Signal Name   
    ----------  ---------  -----------  -------  -------  -----------    -----------   
    2           Output     SB_LVCMOS    No       3        Simple Output  M_SCLK2       
    3           Output     SB_LVCMOS    No       3        Simple Output  M_MOSI2       
    7           Output     SB_LVCMOS    No       3        Simple Output  M_CS2         
    8           Output     SB_LVCMOS    No       3        Simple Output  M_CLK2        
    12          Output     SB_LVCMOS    No       3        Simple Output  M_CLK1        
    15          Output     SB_LVCMOS    No       3        Simple Output  M_CS1         
    17          Output     SB_LVCMOS    No       3        Simple Output  M_MOSI1       
    18          Output     SB_LVCMOS    No       3        Simple Output  M_SCLK1       
    22          Output     SB_LVCMOS    No       3        Simple Output  ICE_IOL_14B   
    23          Output     SB_LVCMOS    No       3        Simple Output  ICE_IOL_17A   
    24          Output     SB_LVCMOS    No       3        Simple Output  ICE_IOL_17B   
    38          Output     SB_LVCMOS    No       2        Simple Output  TEST_LED      
    39          Output     SB_LVCMOS    No       2        Simple Output  DDS_MCLK1     
    41          Output     SB_LVCMOS    No       2        Simple Output  DDS_CS1       
    42          Output     SB_LVCMOS    No       2        Simple Output  DDS_SCK1      
    43          Output     SB_LVCMOS    No       2        Simple Output  DDS_MOSI1     
    45          Output     SB_LVCMOS    No       2        Simple Output  DISP_COMM     
    75          Output     SB_LVCMOS    No       1        Simple Output  ICE_SPI_MISO  
    81          Output     SB_LVCMOS    No       1        Simple Output  ICE_GPMI_0    
    112         Output     SB_LVCMOS    No       0        Simple Output  M_SCLK4       
    113         Output     SB_LVCMOS    No       0        Simple Output  M_MOSI4       
    115         Output     SB_LVCMOS    No       0        Simple Output  M_CS4         
    116         Output     SB_LVCMOS    No       0        Simple Output  M_CLK4        
    120         Output     SB_LVCMOS    No       0        Simple Output  M_OSR0        
    121         Output     SB_LVCMOS    No       0        Simple Output  M_OSR1        
    122         Output     SB_LVCMOS    No       0        Simple Output  M_FLT0        
    125         Output     SB_LVCMOS    No       0        Simple Output  M_FLT1        
    130         Output     SB_LVCMOS    No       0        Simple Output  M_POW         
    134         Output     SB_LVCMOS    No       0        Simple Output  M_DCSEL       
    135         Output     SB_LVCMOS    No       0        Simple Output  M_START       
    137         Output     SB_LVCMOS    No       0        Simple Output  M_SCLK3       
    138         Output     SB_LVCMOS    No       0        Simple Output  M_MOSI3       
    141         Output     SB_LVCMOS    No       0        Simple Output  M_CS3         
    142         Output     SB_LVCMOS    No       0        Simple Output  M_CLK3        

