--------------------------------------------------------------------------------
Lattice Synthesis Timing Report, Version  
Mon Jun 01 16:30:58 2026

Copyright (c) 1991-1994 by NeoCAD Inc. All rights reserved.
Copyright (c) 1995 AT&T Corp.   All rights reserved.
Copyright (c) 1995-2001 Lucent Technologies Inc.  All rights reserved.
Copyright (c) 2001 Agere Systems   All rights reserved.
Copyright (c) 2002-2016 Lattice Semiconductor Corporation,  All rights reserved.

Report Information
------------------
Design:     zim
Constraint file:  
Report level:    verbose report, limited to 3 items per constraint
--------------------------------------------------------------------------------



================================================================================
Constraint: create_clock -period 1000.000000 -name clk3 [get_nets clk_RTD]
            1015 items scored, 0 timing errors detected.
--------------------------------------------------------------------------------


Passed:  The following path meets requirements by 989.752ns

 Logical Details:  Cell type  Pin type       Cell name  (clock net +/-)

   Source:         SB_DFFE    C              \RTD/cfg_buf_i1  (from clk_RTD +)
   Destination:    SB_DFFESR  R              \RTD/cfg_tmp_i7  (to clk_RTD +)

   Delay:                  10.115ns  (23.8% logic, 76.2% route), 6 logic levels.

 Constraint Details:

     10.115ns data_path \RTD/cfg_buf_i1 to \RTD/cfg_tmp_i7 meets
    1000.000ns delay constraint less
      0.133ns L_S requirement (totaling 999.867ns) by 989.752ns

 Path Details: \RTD/cfg_buf_i1 to \RTD/cfg_tmp_i7

   Name    Fanout   Delay (ns)          Pins               Resource(Cell.Net)
L_CO        ---     0.367              C to Q              \RTD/cfg_buf_i1 (from clk_RTD)
Route         2   e 1.258                                  \RTD/cfg_buf[1]
LUT4        ---     0.408             I0 to O              \RTD/i4_4_lut
Route         1   e 1.020                                  \RTD/n12_adj_1438
LUT4        ---     0.408             I3 to O              \RTD/i7_4_lut
Route         6   e 1.378                                  \RTD/adress_7__N_1087[7]
LUT4        ---     0.408             I1 to O              \RTD/i1_2_lut_3_lut
Route         2   e 1.158                                  \RTD/n20960
LUT4        ---     0.408             I0 to O              \RTD/i29_4_lut
Route         9   e 1.459                                  \RTD/n13135
LUT4        ---     0.408             I0 to O              \RTD/i12742_2_lut
Route         8   e 1.435                                  \RTD/n15168
                  --------
                   10.115  (23.8% logic, 76.2% route), 6 logic levels.


Passed:  The following path meets requirements by 989.752ns

 Logical Details:  Cell type  Pin type       Cell name  (clock net +/-)

   Source:         SB_DFFE    C              \RTD/cfg_buf_i1  (from clk_RTD +)
   Destination:    SB_DFFESR  R              \RTD/cfg_tmp_i6  (to clk_RTD +)

   Delay:                  10.115ns  (23.8% logic, 76.2% route), 6 logic levels.

 Constraint Details:

     10.115ns data_path \RTD/cfg_buf_i1 to \RTD/cfg_tmp_i6 meets
    1000.000ns delay constraint less
      0.133ns L_S requirement (totaling 999.867ns) by 989.752ns

 Path Details: \RTD/cfg_buf_i1 to \RTD/cfg_tmp_i6

   Name    Fanout   Delay (ns)          Pins               Resource(Cell.Net)
L_CO        ---     0.367              C to Q              \RTD/cfg_buf_i1 (from clk_RTD)
Route         2   e 1.258                                  \RTD/cfg_buf[1]
LUT4        ---     0.408             I0 to O              \RTD/i4_4_lut
Route         1   e 1.020                                  \RTD/n12_adj_1438
LUT4        ---     0.408             I3 to O              \RTD/i7_4_lut
Route         6   e 1.378                                  \RTD/adress_7__N_1087[7]
LUT4        ---     0.408             I1 to O              \RTD/i1_2_lut_3_lut
Route         2   e 1.158                                  \RTD/n20960
LUT4        ---     0.408             I0 to O              \RTD/i29_4_lut
Route         9   e 1.459                                  \RTD/n13135
LUT4        ---     0.408             I0 to O              \RTD/i12742_2_lut
Route         8   e 1.435                                  \RTD/n15168
                  --------
                   10.115  (23.8% logic, 76.2% route), 6 logic levels.


Passed:  The following path meets requirements by 989.752ns

 Logical Details:  Cell type  Pin type       Cell name  (clock net +/-)

   Source:         SB_DFFE    C              \RTD/cfg_buf_i1  (from clk_RTD +)
   Destination:    SB_DFFESR  R              \RTD/cfg_tmp_i5  (to clk_RTD +)

   Delay:                  10.115ns  (23.8% logic, 76.2% route), 6 logic levels.

 Constraint Details:

     10.115ns data_path \RTD/cfg_buf_i1 to \RTD/cfg_tmp_i5 meets
    1000.000ns delay constraint less
      0.133ns L_S requirement (totaling 999.867ns) by 989.752ns

 Path Details: \RTD/cfg_buf_i1 to \RTD/cfg_tmp_i5

   Name    Fanout   Delay (ns)          Pins               Resource(Cell.Net)
L_CO        ---     0.367              C to Q              \RTD/cfg_buf_i1 (from clk_RTD)
Route         2   e 1.258                                  \RTD/cfg_buf[1]
LUT4        ---     0.408             I0 to O              \RTD/i4_4_lut
Route         1   e 1.020                                  \RTD/n12_adj_1438
LUT4        ---     0.408             I3 to O              \RTD/i7_4_lut
Route         6   e 1.378                                  \RTD/adress_7__N_1087[7]
LUT4        ---     0.408             I1 to O              \RTD/i1_2_lut_3_lut
Route         2   e 1.158                                  \RTD/n20960
LUT4        ---     0.408             I0 to O              \RTD/i29_4_lut
Route         9   e 1.459                                  \RTD/n13135
LUT4        ---     0.408             I0 to O              \RTD/i12742_2_lut
Route         8   e 1.435                                  \RTD/n15168
                  --------
                   10.115  (23.8% logic, 76.2% route), 6 logic levels.

Report: 10.248 ns is the maximum delay for this constraint.



================================================================================
Constraint: create_clock -period 1000.000000 -name clk2 [get_nets VDC_CLK]
            602 items scored, 0 timing errors detected.
--------------------------------------------------------------------------------


Passed:  The following path meets requirements by 942.141ns

 Logical Details:  Cell type  Pin type       Cell name  (clock net +/-)

   Source:         SB_DFFE    C              \ADC_VDC/cmd_rdadctmp_i0  (from VDC_CLK +)
   Destination:    SB_DFFE    D              \ADC_VDC/cmd_rdadcbuf_i34  (to VDC_CLK +)

   Delay:                  57.726ns  (26.1% logic, 73.9% route), 37 logic levels.

 Constraint Details:

     57.726ns data_path \ADC_VDC/cmd_rdadctmp_i0 to \ADC_VDC/cmd_rdadcbuf_i34 meets
    1000.000ns delay constraint less
      0.133ns L_S requirement (totaling 999.867ns) by 942.141ns

 Path Details: \ADC_VDC/cmd_rdadctmp_i0 to \ADC_VDC/cmd_rdadcbuf_i34

   Name    Fanout   Delay (ns)          Pins               Resource(Cell.Net)
L_CO        ---     0.367              C to Q              \ADC_VDC/cmd_rdadctmp_i0 (from VDC_CLK)
Route         4   e 1.397                                  cmd_rdadctmp[0]_adj_1529
LUT4        ---     0.408             I1 to CO             \ADC_VDC/add_23_2
Route         2   e 1.158                                  \ADC_VDC/n19766
LUT4        ---     0.408             CI to CO             \ADC_VDC/add_23_3
Route         2   e 1.158                                  \ADC_VDC/n19767
LUT4        ---     0.408             CI to CO             \ADC_VDC/add_23_4
Route         2   e 1.158                                  \ADC_VDC/n19768
LUT4        ---     0.408             CI to CO             \ADC_VDC/add_23_5
Route         2   e 1.158                                  \ADC_VDC/n19769
LUT4        ---     0.408             CI to CO             \ADC_VDC/add_23_6
Route         2   e 1.158                                  \ADC_VDC/n19770
LUT4        ---     0.408             CI to CO             \ADC_VDC/add_23_7
Route         2   e 1.158                                  \ADC_VDC/n19771
LUT4        ---     0.408             CI to CO             \ADC_VDC/add_23_8
Route         2   e 1.158                                  \ADC_VDC/n19772
LUT4        ---     0.408             CI to CO             \ADC_VDC/add_23_9
Route         2   e 1.158                                  \ADC_VDC/n19773
LUT4        ---     0.408             CI to CO             \ADC_VDC/add_23_10
Route         2   e 1.158                                  \ADC_VDC/n19774
LUT4        ---     0.408             CI to CO             \ADC_VDC/add_23_11
Route         2   e 1.158                                  \ADC_VDC/n19775
LUT4        ---     0.408             CI to CO             \ADC_VDC/add_23_12
Route         2   e 1.158                                  \ADC_VDC/n19776
LUT4        ---     0.408             CI to CO             \ADC_VDC/add_23_13
Route         2   e 1.158                                  \ADC_VDC/n19777
LUT4        ---     0.408             CI to CO             \ADC_VDC/add_23_14
Route         2   e 1.158                                  \ADC_VDC/n19778
LUT4        ---     0.408             CI to CO             \ADC_VDC/add_23_15
Route         2   e 1.158                                  \ADC_VDC/n19779
LUT4        ---     0.408             CI to CO             \ADC_VDC/add_23_16
Route         2   e 1.158                                  \ADC_VDC/n19780
LUT4        ---     0.408             CI to CO             \ADC_VDC/add_23_17
Route         2   e 1.158                                  \ADC_VDC/n19781
LUT4        ---     0.408             CI to CO             \ADC_VDC/add_23_18
Route         2   e 1.158                                  \ADC_VDC/n19782
LUT4        ---     0.408             CI to CO             \ADC_VDC/add_23_19
Route         2   e 1.158                                  \ADC_VDC/n19783
LUT4        ---     0.408             CI to CO             \ADC_VDC/add_23_20
Route         2   e 1.158                                  \ADC_VDC/n19784
LUT4        ---     0.408             CI to CO             \ADC_VDC/add_23_21
Route         2   e 1.158                                  \ADC_VDC/n19785
LUT4        ---     0.408             CI to CO             \ADC_VDC/add_23_22
Route         2   e 1.158                                  \ADC_VDC/n19786
LUT4        ---     0.408             CI to CO             \ADC_VDC/add_23_23
Route         2   e 1.158                                  \ADC_VDC/n19787
LUT4        ---     0.408             CI to CO             \ADC_VDC/add_23_24
Route         2   e 1.158                                  \ADC_VDC/n19788
LUT4        ---     0.408             CI to CO             \ADC_VDC/add_23_25
Route         2   e 1.158                                  \ADC_VDC/n19789
LUT4        ---     0.408             CI to CO             \ADC_VDC/add_23_26
Route         2   e 1.158                                  \ADC_VDC/n19790
LUT4        ---     0.408             CI to CO             \ADC_VDC/add_23_27
Route         2   e 1.158                                  \ADC_VDC/n19791
LUT4        ---     0.408             CI to CO             \ADC_VDC/add_23_28
Route         2   e 1.158                                  \ADC_VDC/n19792
LUT4        ---     0.408             CI to CO             \ADC_VDC/add_23_29
Route         2   e 1.158                                  \ADC_VDC/n19793
LUT4        ---     0.408             CI to CO             \ADC_VDC/add_23_30
Route         2   e 1.158                                  \ADC_VDC/n19794
LUT4        ---     0.408             CI to CO             \ADC_VDC/add_23_31
Route         2   e 1.158                                  \ADC_VDC/n19795
LUT4        ---     0.408             CI to CO             \ADC_VDC/add_23_32
Route         2   e 1.158                                  \ADC_VDC/n19796
LUT4        ---     0.408             CI to CO             \ADC_VDC/add_23_33
Route         2   e 1.158                                  \ADC_VDC/n19797
LUT4        ---     0.408             CI to CO             \ADC_VDC/add_23_34
Route         2   e 1.158                                  \ADC_VDC/n19798
LUT4        ---     0.408             CI to CO             \ADC_VDC/add_23_35
Route         1   e 1.020                                  \ADC_VDC/n19799
LUT4        ---     0.408             I3 to O              \ADC_VDC/add_23_36_lut
Route         1   e 1.020                                  \ADC_VDC/cmd_rdadcbuf_35__N_1297[34]
LUT4        ---     0.408             I0 to O              \ADC_VDC/adc_state_3__I_0_58_Mux_34_i15_4_lut
Route         1   e 1.020                                  \ADC_VDC/cmd_rdadcbuf_35__N_1213[34]
                  --------
                   57.726  (26.1% logic, 73.9% route), 37 logic levels.


Passed:  The following path meets requirements by 942.280ns

 Logical Details:  Cell type  Pin type       Cell name  (clock net +/-)

   Source:         SB_DFFESR  C              \ADC_VDC/cmd_rdadcbuf_i0  (from VDC_CLK +)
   Destination:    SB_DFFE    D              \ADC_VDC/cmd_rdadcbuf_i34  (to VDC_CLK +)

   Delay:                  57.587ns  (26.1% logic, 73.9% route), 37 logic levels.

 Constraint Details:

     57.587ns data_path \ADC_VDC/cmd_rdadcbuf_i0 to \ADC_VDC/cmd_rdadcbuf_i34 meets
    1000.000ns delay constraint less
      0.133ns L_S requirement (totaling 999.867ns) by 942.280ns

 Path Details: \ADC_VDC/cmd_rdadcbuf_i0 to \ADC_VDC/cmd_rdadcbuf_i34

   Name    Fanout   Delay (ns)          Pins               Resource(Cell.Net)
L_CO        ---     0.367              C to Q              \ADC_VDC/cmd_rdadcbuf_i0 (from VDC_CLK)
Route         2   e 1.258                                  \ADC_VDC/cmd_rdadcbuf[0]
LUT4        ---     0.408             I0 to CO             \ADC_VDC/add_23_2
Route         2   e 1.158                                  \ADC_VDC/n19766
LUT4        ---     0.408             CI to CO             \ADC_VDC/add_23_3
Route         2   e 1.158                                  \ADC_VDC/n19767
LUT4        ---     0.408             CI to CO             \ADC_VDC/add_23_4
Route         2   e 1.158                                  \ADC_VDC/n19768
LUT4        ---     0.408             CI to CO             \ADC_VDC/add_23_5
Route         2   e 1.158                                  \ADC_VDC/n19769
LUT4        ---     0.408             CI to CO             \ADC_VDC/add_23_6
Route         2   e 1.158                                  \ADC_VDC/n19770
LUT4        ---     0.408             CI to CO             \ADC_VDC/add_23_7
Route         2   e 1.158                                  \ADC_VDC/n19771
LUT4        ---     0.408             CI to CO             \ADC_VDC/add_23_8
Route         2   e 1.158                                  \ADC_VDC/n19772
LUT4        ---     0.408             CI to CO             \ADC_VDC/add_23_9
Route         2   e 1.158                                  \ADC_VDC/n19773
LUT4        ---     0.408             CI to CO             \ADC_VDC/add_23_10
Route         2   e 1.158                                  \ADC_VDC/n19774
LUT4        ---     0.408             CI to CO             \ADC_VDC/add_23_11
Route         2   e 1.158                                  \ADC_VDC/n19775
LUT4        ---     0.408             CI to CO             \ADC_VDC/add_23_12
Route         2   e 1.158                                  \ADC_VDC/n19776
LUT4        ---     0.408             CI to CO             \ADC_VDC/add_23_13
Route         2   e 1.158                                  \ADC_VDC/n19777
LUT4        ---     0.408             CI to CO             \ADC_VDC/add_23_14
Route         2   e 1.158                                  \ADC_VDC/n19778
LUT4        ---     0.408             CI to CO             \ADC_VDC/add_23_15
Route         2   e 1.158                                  \ADC_VDC/n19779
LUT4        ---     0.408             CI to CO             \ADC_VDC/add_23_16
Route         2   e 1.158                                  \ADC_VDC/n19780
LUT4        ---     0.408             CI to CO             \ADC_VDC/add_23_17
Route         2   e 1.158                                  \ADC_VDC/n19781
LUT4        ---     0.408             CI to CO             \ADC_VDC/add_23_18
Route         2   e 1.158                                  \ADC_VDC/n19782
LUT4        ---     0.408             CI to CO             \ADC_VDC/add_23_19
Route         2   e 1.158                                  \ADC_VDC/n19783
LUT4        ---     0.408             CI to CO             \ADC_VDC/add_23_20
Route         2   e 1.158                                  \ADC_VDC/n19784
LUT4        ---     0.408             CI to CO             \ADC_VDC/add_23_21
Route         2   e 1.158                                  \ADC_VDC/n19785
LUT4        ---     0.408             CI to CO             \ADC_VDC/add_23_22
Route         2   e 1.158                                  \ADC_VDC/n19786
LUT4        ---     0.408             CI to CO             \ADC_VDC/add_23_23
Route         2   e 1.158                                  \ADC_VDC/n19787
LUT4        ---     0.408             CI to CO             \ADC_VDC/add_23_24
Route         2   e 1.158                                  \ADC_VDC/n19788
LUT4        ---     0.408             CI to CO             \ADC_VDC/add_23_25
Route         2   e 1.158                                  \ADC_VDC/n19789
LUT4        ---     0.408             CI to CO             \ADC_VDC/add_23_26
Route         2   e 1.158                                  \ADC_VDC/n19790
LUT4        ---     0.408             CI to CO             \ADC_VDC/add_23_27
Route         2   e 1.158                                  \ADC_VDC/n19791
LUT4        ---     0.408             CI to CO             \ADC_VDC/add_23_28
Route         2   e 1.158                                  \ADC_VDC/n19792
LUT4        ---     0.408             CI to CO             \ADC_VDC/add_23_29
Route         2   e 1.158                                  \ADC_VDC/n19793
LUT4        ---     0.408             CI to CO             \ADC_VDC/add_23_30
Route         2   e 1.158                                  \ADC_VDC/n19794
LUT4        ---     0.408             CI to CO             \ADC_VDC/add_23_31
Route         2   e 1.158                                  \ADC_VDC/n19795
LUT4        ---     0.408             CI to CO             \ADC_VDC/add_23_32
Route         2   e 1.158                                  \ADC_VDC/n19796
LUT4        ---     0.408             CI to CO             \ADC_VDC/add_23_33
Route         2   e 1.158                                  \ADC_VDC/n19797
LUT4        ---     0.408             CI to CO             \ADC_VDC/add_23_34
Route         2   e 1.158                                  \ADC_VDC/n19798
LUT4        ---     0.408             CI to CO             \ADC_VDC/add_23_35
Route         1   e 1.020                                  \ADC_VDC/n19799
LUT4        ---     0.408             I3 to O              \ADC_VDC/add_23_36_lut
Route         1   e 1.020                                  \ADC_VDC/cmd_rdadcbuf_35__N_1297[34]
LUT4        ---     0.408             I0 to O              \ADC_VDC/adc_state_3__I_0_58_Mux_34_i15_4_lut
Route         1   e 1.020                                  \ADC_VDC/cmd_rdadcbuf_35__N_1213[34]
                  --------
                   57.587  (26.1% logic, 73.9% route), 37 logic levels.


Passed:  The following path meets requirements by 943.707ns

 Logical Details:  Cell type  Pin type       Cell name  (clock net +/-)

   Source:         SB_DFFE    C              \ADC_VDC/cmd_rdadctmp_i1  (from VDC_CLK +)
   Destination:    SB_DFFE    D              \ADC_VDC/cmd_rdadcbuf_i34  (to VDC_CLK +)

   Delay:                  56.160ns  (26.1% logic, 73.9% route), 36 logic levels.

 Constraint Details:

     56.160ns data_path \ADC_VDC/cmd_rdadctmp_i1 to \ADC_VDC/cmd_rdadcbuf_i34 meets
    1000.000ns delay constraint less
      0.133ns L_S requirement (totaling 999.867ns) by 943.707ns

 Path Details: \ADC_VDC/cmd_rdadctmp_i1 to \ADC_VDC/cmd_rdadcbuf_i34

   Name    Fanout   Delay (ns)          Pins               Resource(Cell.Net)
L_CO        ---     0.367              C to Q              \ADC_VDC/cmd_rdadctmp_i1 (from VDC_CLK)
Route         4   e 1.397                                  cmd_rdadctmp[1]_adj_1528
LUT4        ---     0.408             I1 to CO             \ADC_VDC/add_23_3
Route         2   e 1.158                                  \ADC_VDC/n19767
LUT4        ---     0.408             CI to CO             \ADC_VDC/add_23_4
Route         2   e 1.158                                  \ADC_VDC/n19768
LUT4        ---     0.408             CI to CO             \ADC_VDC/add_23_5
Route         2   e 1.158                                  \ADC_VDC/n19769
LUT4        ---     0.408             CI to CO             \ADC_VDC/add_23_6
Route         2   e 1.158                                  \ADC_VDC/n19770
LUT4        ---     0.408             CI to CO             \ADC_VDC/add_23_7
Route         2   e 1.158                                  \ADC_VDC/n19771
LUT4        ---     0.408             CI to CO             \ADC_VDC/add_23_8
Route         2   e 1.158                                  \ADC_VDC/n19772
LUT4        ---     0.408             CI to CO             \ADC_VDC/add_23_9
Route         2   e 1.158                                  \ADC_VDC/n19773
LUT4        ---     0.408             CI to CO             \ADC_VDC/add_23_10
Route         2   e 1.158                                  \ADC_VDC/n19774
LUT4        ---     0.408             CI to CO             \ADC_VDC/add_23_11
Route         2   e 1.158                                  \ADC_VDC/n19775
LUT4        ---     0.408             CI to CO             \ADC_VDC/add_23_12
Route         2   e 1.158                                  \ADC_VDC/n19776
LUT4        ---     0.408             CI to CO             \ADC_VDC/add_23_13
Route         2   e 1.158                                  \ADC_VDC/n19777
LUT4        ---     0.408             CI to CO             \ADC_VDC/add_23_14
Route         2   e 1.158                                  \ADC_VDC/n19778
LUT4        ---     0.408             CI to CO             \ADC_VDC/add_23_15
Route         2   e 1.158                                  \ADC_VDC/n19779
LUT4        ---     0.408             CI to CO             \ADC_VDC/add_23_16
Route         2   e 1.158                                  \ADC_VDC/n19780
LUT4        ---     0.408             CI to CO             \ADC_VDC/add_23_17
Route         2   e 1.158                                  \ADC_VDC/n19781
LUT4        ---     0.408             CI to CO             \ADC_VDC/add_23_18
Route         2   e 1.158                                  \ADC_VDC/n19782
LUT4        ---     0.408             CI to CO             \ADC_VDC/add_23_19
Route         2   e 1.158                                  \ADC_VDC/n19783
LUT4        ---     0.408             CI to CO             \ADC_VDC/add_23_20
Route         2   e 1.158                                  \ADC_VDC/n19784
LUT4        ---     0.408             CI to CO             \ADC_VDC/add_23_21
Route         2   e 1.158                                  \ADC_VDC/n19785
LUT4        ---     0.408             CI to CO             \ADC_VDC/add_23_22
Route         2   e 1.158                                  \ADC_VDC/n19786
LUT4        ---     0.408             CI to CO             \ADC_VDC/add_23_23
Route         2   e 1.158                                  \ADC_VDC/n19787
LUT4        ---     0.408             CI to CO             \ADC_VDC/add_23_24
Route         2   e 1.158                                  \ADC_VDC/n19788
LUT4        ---     0.408             CI to CO             \ADC_VDC/add_23_25
Route         2   e 1.158                                  \ADC_VDC/n19789
LUT4        ---     0.408             CI to CO             \ADC_VDC/add_23_26
Route         2   e 1.158                                  \ADC_VDC/n19790
LUT4        ---     0.408             CI to CO             \ADC_VDC/add_23_27
Route         2   e 1.158                                  \ADC_VDC/n19791
LUT4        ---     0.408             CI to CO             \ADC_VDC/add_23_28
Route         2   e 1.158                                  \ADC_VDC/n19792
LUT4        ---     0.408             CI to CO             \ADC_VDC/add_23_29
Route         2   e 1.158                                  \ADC_VDC/n19793
LUT4        ---     0.408             CI to CO             \ADC_VDC/add_23_30
Route         2   e 1.158                                  \ADC_VDC/n19794
LUT4        ---     0.408             CI to CO             \ADC_VDC/add_23_31
Route         2   e 1.158                                  \ADC_VDC/n19795
LUT4        ---     0.408             CI to CO             \ADC_VDC/add_23_32
Route         2   e 1.158                                  \ADC_VDC/n19796
LUT4        ---     0.408             CI to CO             \ADC_VDC/add_23_33
Route         2   e 1.158                                  \ADC_VDC/n19797
LUT4        ---     0.408             CI to CO             \ADC_VDC/add_23_34
Route         2   e 1.158                                  \ADC_VDC/n19798
LUT4        ---     0.408             CI to CO             \ADC_VDC/add_23_35
Route         1   e 1.020                                  \ADC_VDC/n19799
LUT4        ---     0.408             I3 to O              \ADC_VDC/add_23_36_lut
Route         1   e 1.020                                  \ADC_VDC/cmd_rdadcbuf_35__N_1297[34]
LUT4        ---     0.408             I0 to O              \ADC_VDC/adc_state_3__I_0_58_Mux_34_i15_4_lut
Route         1   e 1.020                                  \ADC_VDC/cmd_rdadcbuf_35__N_1213[34]
                  --------
                   56.160  (26.1% logic, 73.9% route), 36 logic levels.

Report: 57.859 ns is the maximum delay for this constraint.



================================================================================
Constraint: create_clock -period 1000.000000 -name clk1 [get_nets clk_32MHz]
            0 items scored, 0 timing errors detected.
--------------------------------------------------------------------------------


================================================================================
Constraint: create_clock -period 1000.000000 -name clk0 [get_nets clk_16MHz]
            0 items scored, 0 timing errors detected.
--------------------------------------------------------------------------------

Timing Report Summary
--------------
--------------------------------------------------------------------------------
Constraint                              |   Constraint|       Actual|Levels
--------------------------------------------------------------------------------
                                        |             |             |
create_clock -period 1000.000000 -name  |             |             |
clk3 [get_nets clk_RTD]                 |  1000.000 ns|    10.248 ns|     6  
                                        |             |             |
create_clock -period 1000.000000 -name  |             |             |
clk2 [get_nets VDC_CLK]                 |  1000.000 ns|    57.859 ns|    37  
                                        |             |             |
create_clock -period 1000.000000 -name  |             |             |
clk1 [get_nets clk_32MHz]               |            -|            -|     0  
                                        |             |             |
create_clock -period 1000.000000 -name  |             |             |
clk0 [get_nets clk_16MHz]               |            -|            -|     0  
                                        |             |             |
--------------------------------------------------------------------------------


All constraints were met.



Timing summary:
---------------

Timing errors: 0  Score: 0

Constraints cover  3345 paths, 492 nets, and 1498 connections (23.3% coverage)


Peak memory: 72839168 bytes, TRCE: 0 bytes, DLYMAN: 0 bytes
CPU_TIME_REPORT: 0 secs 
